  ┌──────────────────────────────────────────────────────────────────────┐
    │                 • MobaXterm Personal Edition v25.0 •                 │
    │               (SSH client, X server and network tools)               │
    │                                                                      │
    │ ⮞ SSH session to root@f418b3c5b5c3.vps.myjino.ru                     │
    │   • Direct SSH      :  ✓                                             │
    │   • SSH compression :  ✓                                             │
    │   • SSH-browser     :  ✓                                             │
    │   • X11-forwarding  :  ✗  (disabled or not supported by server)      │
    │                                                                      │
    │ ⮞ For more info, ctrl+click on help or visit our website.            │
    └──────────────────────────────────────────────────────────────────────┘

Welcome to Ubuntu 22.04.5 LTS (GNU/Linux 5.2.0 x86_64)

 * Documentation:  https://help.ubuntu.com
 * Management:     https://landscape.canonical.com
 * Support:        https://ubuntu.com/pro
Last login: Mon May 19 12:06:00 2025 from 90.156.255.117
root@f418b3c5b5c3:~# cd MarketingMaster
root@f418b3c5b5c3:~/MarketingMaster# nano /etc/nginx/sites-available/marketingmaster.conf
root@f418b3c5b5c3:~/MarketingMaster# ln -sf /etc/nginx/sites-available/marketingmaster.conf /etc/nginx/sites-enabled/ ln -sf /etc/nginx/sites-available/rucoderweb.conf /etc/nginx/sites-enabled/ rm -f /etc/nginx/sites-enabled/default nginx -t && systemctl restart nginx
ln: option requires an argument -- 't'
Try 'ln --help' for more information.
root@f418b3c5b5c3:~/MarketingMaster# cd /root/MarketingMaster && gunicorn --bind 127.0.0.1:5001 main:app &
[1] 1097156
root@f418b3c5b5c3:~/MarketingMaster# [2025-05-19 12:28:04 +0000] [1097157] [INFO] Starting gunicorn 23.0.0
[2025-05-19 12:28:04 +0000] [1097157] [ERROR] Connection in use: ('127.0.0.1', 5001)
[2025-05-19 12:28:04 +0000] [1097157] [ERROR] connection to ('127.0.0.1', 5001) failed: [Errno 98] Address already in use
[2025-05-19 12:28:05 +0000] [1097157] [ERROR] Connection in use: ('127.0.0.1', 5001)
[2025-05-19 12:28:05 +0000] [1097157] [ERROR] connection to ('127.0.0.1', 5001) failed: [Errno 98] Address already in use
[2025-05-19 12:28:06 +0000] [1097157] [ERROR] Connection in use: ('127.0.0.1', 5001)
[2025-05-19 12:28:06 +0000] [1097157] [ERROR] connection to ('127.0.0.1', 5001) failed: [Errno 98] Address already in use
[2025-05-19 12:28:07 +0000] [1097157] [ERROR] Connection in use: ('127.0.0.1', 5001)
[2025-05-19 12:28:07 +0000] [1097157] [ERROR] connection to ('127.0.0.1', 5001) failed: [Errno 98] Address already in use
[2025-05-19 12:28:08 +0000] [1097157] [ERROR] Connection in use: ('127.0.0.1', 5001)
[2025-05-19 12:28:08 +0000] [1097157] [ERROR] connection to ('127.0.0.1', 5001) failed: [Errno 98] Address already in use
[2025-05-19 12:28:09 +0000] [1097157] [ERROR] Can't connect to ('127.0.0.1', 5001)
cd /root/WooMoyskladSync && gunicorn --bind 127.0.0.1:5002 main:app &
[2] 1097223
[1]   Exit 1                  cd /root/MarketingMaster && gunicorn --bind 127.0.0.1:5001 main:app
root@f418b3c5b5c3:~/MarketingMaster# -bash: line 5: cd: /root/WooMoyskladSync: No such file or directory
^C
[2]+  Exit 1                  cd /root/WooMoyskladSync && gunicorn --bind 127.0.0.1:5002 main:app
root@f418b3c5b5c3:~/MarketingMaster# ^[[200~cd /root/WooMoyskladSync && gunicorn --bind 127.0.0.1:5002 main:app &~
[1] 1097298
-bash: /root: Is a directory
root@f418b3c5b5c3:~/MarketingMaster# -bash: line 7: $'\E[200~cd': command not found
^C
-bash: $'\003': command not found
[1]+  Exit 127                cd /root/WooMoyskladSync && gunicorn --bind 127.0.0.1:5002 main:app
root@f418b3c5b5c3:~/MarketingMaster# cd /root/WooMoyskladSync && gunicorn --bind 127.0.0.1:5002 main:app &
[1] 1097408
root@f418b3c5b5c3:~/MarketingMaster# -bash: line 9: cd: /root/WooMoyskladSync: No such file or directory

