    ┌──────────────────────────────────────────────────────────────────────┐
    │                 • MobaXterm Personal Edition v25.0 •                 │
    │               (SSH client, X server and network tools)               │
    │                                                                      │
    │ ⮞ SSH session to root@f418b3c5b5c3.vps.myjino.ru                     │
    │   • Direct SSH      :  ✓                                             │
    │   • SSH compression :  ✓                                             │
    │   • SSH-browser     :  ✓                                             │
    │   • X11-forwarding  :  ✗  (disabled or not supported by server)      │
    │                                                                      │
    │ ⮞ For more info, ctrl+click on help or visit our website.            │
    └──────────────────────────────────────────────────────────────────────┘

Welcome to Ubuntu 22.04.5 LTS (GNU/Linux 5.2.0 x86_64)

 * Documentation:  https://help.ubuntu.com
 * Management:     https://landscape.canonical.com
 * Support:        https://ubuntu.com/pro
Last login: Mon May 19 12:06:00 2025 from 90.156.255.117
root@f418b3c5b5c3:~# cd MarketingMaster
root@f418b3c5b5c3:~/MarketingMaster# nano /etc/nginx/sites-available/marketingmaster.conf
root@f418b3c5b5c3:~/MarketingMaster# ln -sf /etc/nginx/sites-available/marketingmaster.conf /etc/nginx/sites-enabled/ ln -sf /etc/nginx/sites-available/rucoderweb.conf /etc/nginx/sites-enabled/ rm -f /etc/nginx/sites-enabled/default nginx -t && systemctl restart nginx
ln: option requires an argument -- 't'
Try 'ln --help' for more information.
root@f418b3c5b5c3:~/MarketingMaster# cd /root/MarketingMaster && gunicorn --bind 127.0.0.1:5001 main:app &
[1] 1097156
root@f418b3c5b5c3:~/MarketingMaster# [2025-05-19 12:28:04 +0000] [1097157] [INFO] Starting gunicorn 23.0.0
[2025-05-19 12:28:04 +0000] [1097157] [ERROR] Connection in use: ('127.0.0.1', 5001)
[2025-05-19 12:28:04 +0000] [1097157] [ERROR] connection to ('127.0.0.1', 5001) failed: [Errno 98] Address already in use
[2025-05-19 12:28:05 +0000] [1097157] [ERROR] Connection in use: ('127.0.0.1', 5001)
[2025-05-19 12:28:05 +0000] [1097157] [ERROR] connection to ('127.0.0.1', 5001) failed: [Errno 98] Address already in use
[2025-05-19 12:28:06 +0000] [1097157] [ERROR] Connection in use: ('127.0.0.1', 5001)
[2025-05-19 12:28:06 +0000] [1097157] [ERROR] connection to ('127.0.0.1', 5001) failed: [Errno 98] Address already in use
[2025-05-19 12:28:07 +0000] [1097157] [ERROR] Connection in use: ('127.0.0.1', 5001)
[2025-05-19 12:28:07 +0000] [1097157] [ERROR] connection to ('127.0.0.1', 5001) failed: [Errno 98] Address already in use
[2025-05-19 12:28:08 +0000] [1097157] [ERROR] Connection in use: ('127.0.0.1', 5001)
[2025-05-19 12:28:08 +0000] [1097157] [ERROR] connection to ('127.0.0.1', 5001) failed: [Errno 98] Address already in use
[2025-05-19 12:28:09 +0000] [1097157] [ERROR] Can't connect to ('127.0.0.1', 5001)
cd /root/WooMoyskladSync && gunicorn --bind 127.0.0.1:5002 main:app &
[2] 1097223
[1]   Exit 1                  cd /root/MarketingMaster && gunicorn --bind 127.0.0.1:5001 main:app
root@f418b3c5b5c3:~/MarketingMaster# -bash: line 5: cd: /root/WooMoyskladSync: No such file or directory
^C
[2]+  Exit 1                  cd /root/WooMoyskladSync && gunicorn --bind 127.0.0.1:5002 main:app
root@f418b3c5b5c3:~/MarketingMaster# ^[[200~cd /root/WooMoyskladSync && gunicorn --bind 127.0.0.1:5002 main:app &~
[1] 1097298
-bash: /root: Is a directory
root@f418b3c5b5c3:~/MarketingMaster# -bash: line 7: $'\E[200~cd': command not found
^C
-bash: $'\003': command not found
[1]+  Exit 127                cd /root/WooMoyskladSync && gunicorn --bind 127.0.0.1:5002 main:app
root@f418b3c5b5c3:~/MarketingMaster# cd /root/WooMoyskladSync && gunicorn --bind 127.0.0.1:5002 main:app &
[1] 1097408
root@f418b3c5b5c3:~/MarketingMaster# -bash: line 9: cd: /root/WooMoyskladSync: No such file or directory
^C
[1]+  Exit 1                  cd /root/WooMoyskladSync && gunicorn --bind 127.0.0.1:5002 main:app
root@f418b3c5b5c3:~/MarketingMaster# pkill gunicorn systemctl restart nginx cd /root/MarketingMaster && gunicorn --bind 127.0.0.1:5000 main:app
pkill: only one pattern can be provided
Try `pkill --help' for more information.
root@f418b3c5b5c3:~/MarketingMaster# etc/nginx/sites-available/marketingmaster.conf
-bash: etc/nginx/sites-available/marketingmaster.conf: No such file or directory
root@f418b3c5b5c3:~/MarketingMaster# ln -sf /etc/nginx/sites-available/marketingmaster.conf /etc/nginx/sites-enabled/ nginx -t && systemctl restart nginx
ln: option requires an argument -- 't'
Try 'ln --help' for more information.
root@f418b3c5b5c3:~/MarketingMaster# ps aux | grep gunicorn
root     1045603  0.0  1.3  31140 21656 ?        Ss   08:39   0:02 /root/WooMoyskladSync/venv/bin/python3 /root/WooMoyskladSync/venv/bin/gunicorn --workers 3 --bind 0.0.0.0:80 main:app
root     1045604  0.0  1.7  39956 28192 ?        S    08:39   0:00 /root/WooMoyskladSync/venv/bin/python3 /root/WooMoyskladSync/venv/bin/gunicorn --workers 3 --bind 0.0.0.0:80 main:app
root     1045605  0.0  1.7  39944 28180 ?        S    08:39   0:00 /root/WooMoyskladSync/venv/bin/python3 /root/WooMoyskladSync/venv/bin/gunicorn --workers 3 --bind 0.0.0.0:80 main:app
root     1045609  0.0  1.7  39948 28168 ?        S    08:39   0:00 /root/WooMoyskladSync/venv/bin/python3 /root/WooMoyskladSync/venv/bin/gunicorn --workers 3 --bind 0.0.0.0:80 main:app
root     1095618  0.0  1.3  31160 21588 ?        Ss   12:24   0:00 /usr/bin/python3 /usr/local/bin/gunicorn --workers 3 --bind 127.0.0.1:5001 main:app
root     1095619  0.2  6.2 190364 97980 ?        S    12:24   0:01 /usr/bin/python3 /usr/local/bin/gunicorn --workers 3 --bind 127.0.0.1:5001 main:app
root     1095620  0.2  6.2 190500 98216 ?        S    12:24   0:01 /usr/bin/python3 /usr/local/bin/gunicorn --workers 3 --bind 127.0.0.1:5001 main:app
root     1095621  0.2  6.2 190368 98092 ?        S    12:24   0:01 /usr/bin/python3 /usr/local/bin/gunicorn --workers 3 --bind 127.0.0.1:5001 main:app
root     1098970  0.0  0.1   3588  1612 pts/0    S+   12:31   0:00 grep --color=auto gunicorn
root@f418b3c5b5c3:~/MarketingMaster# cd /root/MarketingMaster && gunicorn --bind 127.0.0.1:5000 main:app
[2025-05-19 12:32:05 +0000] [1099021] [INFO] Starting gunicorn 23.0.0
[2025-05-19 12:32:05 +0000] [1099021] [INFO] Listening at: http://127.0.0.1:5000 (1099021)
[2025-05-19 12:32:05 +0000] [1099021] [INFO] Using worker: sync
[2025-05-19 12:32:05 +0000] [1099028] [INFO] Booting worker with pid: 1099028
ps aux | grep gunicorn
^C[2025-05-19 12:33:31 +0000] [1099021] [INFO] Handling signal: int
[2025-05-19 12:33:31 +0000] [1099028] [INFO] Worker exiting (pid: 1099028)
[2025-05-19 12:33:31 +0000] [1099021] [INFO] Shutting down: Master
root@f418b3c5b5c3:~/MarketingMaster# cd /root/MarketingMaster && gunicorn --bind 127.0.0.1:5000 main:app
[2025-05-19 12:33:36 +0000] [1099728] [INFO] Starting gunicorn 23.0.0
[2025-05-19 12:33:36 +0000] [1099728] [INFO] Listening at: http://127.0.0.1:5000 (1099728)
[2025-05-19 12:33:36 +0000] [1099728] [INFO] Using worker: sync
[2025-05-19 12:33:36 +0000] [1099729] [INFO] Booting worker with pid: 1099729
^C[2025-05-19 12:33:37 +0000] [1099728] [INFO] Handling signal: int
[2025-05-19 12:33:38 +0000] [1099728] [INFO] Shutting down: Master
root@f418b3c5b5c3:~/MarketingMaster# tail -f /var/log/nginx/error.log
2025/05/19 12:13:37 [emerg] 1090166#1090166: still could not bind()
2025/05/19 12:13:40 [notice] 1090184#1090184: signal process started
2025/05/19 12:13:40 [error] 1090184#1090184: invalid PID number "" in "/run/nginx.pid"
2025/05/19 12:13:40 [emerg] 1090185#1090185: bind() to 0.0.0.0:80 failed (98: Unknown error)
2025/05/19 12:13:40 [emerg] 1090185#1090185: bind() to 0.0.0.0:80 failed (98: Unknown error)
2025/05/19 12:13:40 [emerg] 1090185#1090185: bind() to 0.0.0.0:80 failed (98: Unknown error)
2025/05/19 12:13:40 [emerg] 1090185#1090185: bind() to 0.0.0.0:80 failed (98: Unknown error)
2025/05/19 12:13:40 [emerg] 1090185#1090185: bind() to 0.0.0.0:80 failed (98: Unknown error)
2025/05/19 12:13:40 [emerg] 1090185#1090185: still could not bind()
2025/05/19 12:25:06 [emerg] 1095756#1095756: cannot load certificate "/etc/letsencrypt/live/rucoderweb.website/fullchain.pem": BIO_new_file() failed (SSL: error:80000002:system library::No such file or directory:calling fopen(/etc/letsencrypt/live/rucoderweb.website/fullchain.pem, r) error:10000080:BIO routines::no such file)
^C
root@f418b3c5b5c3:~/MarketingMaster# ln -sf /etc/nginx/sites-available/marketingmaster.conf /etc/nginx/sites-enabled/ nginx -t && systemctl restart nginx
ln: option requires an argument -- 't'
Try 'ln --help' for more information.
root@f418b3c5b5c3:~/MarketingMaster# ps aux | grep gunicorn
root     1045603  0.0  1.3  31140 21656 ?        Ss   08:39   0:02 /root/WooMoyskladSync/venv/bin/python3 /root/WooMoyskladSync/venv/bin/gunicorn --workers 3 --bind 0.0.0.0:80 main:app
root     1045604  0.0  1.7  39956 28192 ?        S    08:39   0:00 /root/WooMoyskladSync/venv/bin/python3 /root/WooMoyskladSync/venv/bin/gunicorn --workers 3 --bind 0.0.0.0:80 main:app
root     1045605  0.0  1.7  39944 28180 ?        S    08:39   0:00 /root/WooMoyskladSync/venv/bin/python3 /root/WooMoyskladSync/venv/bin/gunicorn --workers 3 --bind 0.0.0.0:80 main:app
root     1045609  0.0  1.7  39948 28168 ?        S    08:39   0:00 /root/WooMoyskladSync/venv/bin/python3 /root/WooMoyskladSync/venv/bin/gunicorn --workers 3 --bind 0.0.0.0:80 main:app
root     1095618  0.0  1.3  31160 21588 ?        Ss   12:24   0:00 /usr/bin/python3 /usr/local/bin/gunicorn --workers 3 --bind 127.0.0.1:5001 main:app
root     1095619  0.1  6.2 190364 97980 ?        S    12:24   0:01 /usr/bin/python3 /usr/local/bin/gunicorn --workers 3 --bind 127.0.0.1:5001 main:app
root     1095620  0.1  6.2 190500 98216 ?        S    12:24   0:01 /usr/bin/python3 /usr/local/bin/gunicorn --workers 3 --bind 127.0.0.1:5001 main:app
root     1095621  0.1  6.2 190368 98092 ?        S    12:24   0:01 /usr/bin/python3 /usr/local/bin/gunicorn --workers 3 --bind 127.0.0.1:5001 main:app
root     1100370  0.0  0.0   3588  1528 pts/0    S+   12:34   0:00 grep --color=auto gunicorn
root@f418b3c5b5c3:~/MarketingMaster# cd /root/MarketingMaster && gunicorn --bind 127.0.0.1:5000 main:app
[2025-05-19 12:35:01 +0000] [1100415] [INFO] Starting gunicorn 23.0.0
[2025-05-19 12:35:01 +0000] [1100415] [INFO] Listening at: http://127.0.0.1:5000 (1100415)
[2025-05-19 12:35:01 +0000] [1100415] [INFO] Using worker: sync
[2025-05-19 12:35:01 +0000] [1100416] [INFO] Booting worker with pid: 1100416
^C[2025-05-19 12:35:03 +0000] [1100415] [INFO] Handling signal: int
^X[2025-05-19 12:35:04 +0000] [1100415] [INFO] Shutting down: Master
root@f418b3c5b5c3:~/MarketingMaster#
